Microchip MPLAB XC8 Compiler V2.40

Linker command line:

-W-3 \
  --edf=C:\Program Files\Microchip\xc8\v2.40\pic\dat\20220703182018_en.msgs \
  -cn -h+dist/default/production\Car_Black_Box.X.production.sym \
  --cmf=dist/default/production\Car_Black_Box.X.production.cmf -z -Q16F877A \
  -oC:\Users\saibo\AppData\Local\Temp\xcAs9uk.6 --defsym=__MPLAB_BUILD=1 \
  --fixupoverflow=error \
  -Mdist/default/production/Car_Black_Box.X.production.map \
  --md=C:\Users\saibo\AppData\Local\Temp\xcCs9uk.dat -E1 -ver=XC8 Compiler \
  --acfsm=1493 -ACODE=00h-07FFhx4 -ASTRCODE=00h-01FFFh -ASTRING=00h-0FFhx32 \
  -ACONST=00h-0FFhx32 -AENTRY=00h-0FFhx32 -ACOMMON=070h-07Fh \
  -ABANK0=020h-06Fh -ABANK1=0A0h-0EFh -ABANK2=0110h-016Fh \
  -ABANK3=0190h-01EFh -ARAM=020h-06Fh,0A0h-0EFh,0110h-016Fh,0190h-01EFh \
  -AABS1=020h-07Fh,0A0h-0EFh,0110h-016Fh,0190h-01EFh -ASFR0=00h-01Fh \
  -ASFR1=080h-09Fh -ASFR2=0100h-010Fh -ASFR3=0180h-018Fh \
  -ACONFIG=02007h-02007h -DCONFIG=2 -AIDLOC=02000h-02003h -DIDLOC=2 \
  -AEEDATA=00h-0FFh/02100h -peeprom_data=EEDATA -DEEDATA=2 -DCODE=2 \
  -DSTRCODE=2 -DSTRING=2 -DCONST=2 -DENTRY=2 \
  -preset_vec=00h,intentry=04h,init,end_init -ppowerup=CODE -pcinit=CODE \
  -pfunctab=ENTRY -k C:\Users\saibo\AppData\Local\Temp\xcAs9uk.o \
  dist/default/production\Car_Black_Box.X.production.o 

Object code version is 3.11

Machine type is 16F877A



                Name                               Link     Load   Length Selector   Space Scale
C:\Users\saibo\AppData\Local\Temp\xcAs9uk.o
                end_init                              E        E        3        8       0
                reset_vec                             0        0        3        0       0
                config                             2007     2007        1        0       4
dist/default/production\Car_Black_Box.X.production.o
                cinit                                11       11       2F        8       0
                intentry                              4        4        A        8       0
                config                             2007     2007        1        0       4
                text55                              83D      83D       67     107A       0
                text54                             149F     149F       46     293E       0
                text53                             11C2     11C2       20     2384       0
                text52                             13B8     13B8       33     2770       0
                text51                             1FB0     1FB0       13     3F60       0
                text50                             1F8D     1F8D       11     3F1A       0
                text49                             1F80     1F80        D     3F00       0
                text48                             1F56     1F56        9     3EAC       0
                text47                              800      800        9        8       0
                text46                             1F5F     1F5F        B     3EBE       0
                text45                             11A4     11A4       1E     2348       0
                text44                             141E     141E       3E     283C       0
                text43                              C1C      C1C      1EE     1838       0
                text42                             13EB     13EB       33     27D6       0
                text41                              78C      78C       69        8       0
                text40                             1627     1627       5B     2C4E       0
                text39                             11E2     11E2       21     23C4       0
                text38                             1F6A     1F6A        B     3ED4       0
                text37                             129F     129F       2B     253E       0
                text36                             152C     152C       4D     2A58       0
                text35                             173A     173A       62     2E74       0
                text34                             1579     1579       57     2AF2       0
                text33                             1F75     1F75        B     3EEA       0
                text32                              90C      90C       7D     1218       0
                text31                             1FD6     1FD6       15     3FAC       0
                text30                             12CA     12CA       2B     2594       0
                text29                             16DD     16DD       5D     2DBA       0
                text28                             179C     179C       64     2F38       0
                text27                             124B     124B       2A     2496       0
                text26                              E0A      E0A      1F6     1C14       0
                text25                             1F47     1F47        7     3E8E       0
                text24                             15D0     15D0       57     2BA0       0
                text23                              7F5      7F5        B        8       0
                text22                             1F41     1F41        6     3E82       0
                text21                             1203     1203       22     2406       0
                text20                             1FEB     1FEB       15     3FD6       0
                text19                              8A4      8A4       68     1148       0
                text18                              809      809       34     1012       0
                text17                             117E     117E        D     22FC       0
                text16                             1354     1354       32     26A8       0
                text15                             1225     1225       26     244A       0
                text14                             145C     145C       43     28B8       0
                text13                             12F5     12F5       2F     25EA       0
                text12                             1324     1324       30     2648       0
                text11                             14E5     14E5       47     29CA       0
                text10                             1682     1682       5B     2D04       0
                text9                               AA9      AA9       9D     1552       0
                text8                               989      989       87     1312       0
                text7                               4AE      4AE      205        8       0
                text6                               6B3      6B3       D9        8       0
                text5                              1F9E     1F9E       12     3F3C       0
                text4                              1275     1275       2A     24EA       0
                text3                              1386     1386       32     270C       0
                text2                               A10      A10       99     1420       0
                text1                               B46      B46       D6     168C       0
                maintext                             40       40      46E        8       0
                cstackBANK0                          20       20       2D       20       1
                cstackCOMMON                         70       70        9       70       1
                cstackBANK3                         190      190        A      190       1
                clrtext                            1F4E     1F4E        8     3E9C       0
                inittext                           1FC3     1FC3       13     3F86       0
                dataBANK1                            D7       D7       19       A0       1
                bssBANK1                             A0       A0       37       A0       1
                dataBANK0                            6A       6A        1       20       1
                bssBANK0                             4D       4D       1D       20       1
                dataCOMMON                           7A       7A        1       70       1
                bssCOMMON                            79       79        1       70       1
                stringtext                         1000     1000      17D       20       0
                strings                            1800     1800       12     3000       0
                idataBANK1                         118B     118B       19     2316       0
                idataBANK0                         117D     117D        1     22FA       0
                idataCOMMON                           3        3        1        0       0

TOTAL           Name                               Link     Load   Length     Space
        CLASS   CODE           
                end_init                              E        E        3         0
                cinit                                11       11       2F         0
                intentry                              4        4        A         0
                reset_vec                             0        0        3         0
                text55                              83D      83D       67         0
                text54                             149F     149F       46         0
                text53                             11C2     11C2       20         0
                text52                             13B8     13B8       33         0
                text51                             1FB0     1FB0       13         0
                text50                             1F8D     1F8D       11         0
                text49                             1F80     1F80        D         0
                text48                             1F56     1F56        9         0
                text47                              800      800        9         0
                text46                             1F5F     1F5F        B         0
                text45                             11A4     11A4       1E         0
                text44                             141E     141E       3E         0
                text43                              C1C      C1C      1EE         0
                text42                             13EB     13EB       33         0
                text41                              78C      78C       69         0
                text40                             1627     1627       5B         0
                text39                             11E2     11E2       21         0
                text38                             1F6A     1F6A        B         0
                text37                             129F     129F       2B         0
                text36                             152C     152C       4D         0
                text35                             173A     173A       62         0
                text34                             1579     1579       57         0
                text33                             1F75     1F75        B         0
                text32                              90C      90C       7D         0
                text31                             1FD6     1FD6       15         0
                text30                             12CA     12CA       2B         0
                text29                             16DD     16DD       5D         0
                text28                             179C     179C       64         0
                text27                             124B     124B       2A         0
                text26                              E0A      E0A      1F6         0
                text25                             1F47     1F47        7         0
                text24                             15D0     15D0       57         0
                text23                              7F5      7F5        B         0
                text22                             1F41     1F41        6         0
                text21                             1203     1203       22         0
                text20                             1FEB     1FEB       15         0
                text19                              8A4      8A4       68         0
                text18                              809      809       34         0
                text17                             117E     117E        D         0
                text16                             1354     1354       32         0
                text15                             1225     1225       26         0
                text14                             145C     145C       43         0
                text13                             12F5     12F5       2F         0
                text12                             1324     1324       30         0
                text11                             14E5     14E5       47         0
                text10                             1682     1682       5B         0
                text9                               AA9      AA9       9D         0
                text8                               989      989       87         0
                text7                               4AE      4AE      205         0
                text6                               6B3      6B3       D9         0
                text5                              1F9E     1F9E       12         0
                text4                              1275     1275       2A         0
                text3                              1386     1386       32         0
                text2                               A10      A10       99         0
                text1                               B46      B46       D6         0
                maintext                             40       40      46E         0
                clrtext                            1F4E     1F4E        8         0
                inittext                           1FC3     1FC3       13         0
                idataBANK1                         118B     118B       19         0
                idataBANK0                         117D     117D        1         0
                idataCOMMON                           3        3        1         0

        CLASS   STRCODE        
                stringtext                         1000     1000      17D         0

        CLASS   STRING         
                strings                            1800     1800       12         0

        CLASS   CONST          

        CLASS   ENTRY          

        CLASS   COMMON         
                cstackCOMMON                         70       70        9         1
                dataCOMMON                           7A       7A        1         1
                bssCOMMON                            79       79        1         1

        CLASS   BANK0          
                cstackBANK0                          20       20       2D         1
                dataBANK0                            6A       6A        1         1
                bssBANK0                             4D       4D       1D         1

        CLASS   BANK1          
                dataBANK1                            D7       D7       19         1
                bssBANK1                             A0       A0       37         1

        CLASS   BANK2          

        CLASS   BANK3          
                cstackBANK3                         190      190        A         1

        CLASS   RAM            

        CLASS   ABS1           
                abs_s1                               7E       7E        2         1

        CLASS   SFR0           

        CLASS   SFR1           

        CLASS   SFR2           

        CLASS   SFR3           

        CLASS   CONFIG         
                config                             2007     2007        1         4

        CLASS   IDLOC          

        CLASS   EEDATA         

        CLASS   STACK          



SEGMENTS        Name                           Load    Length   Top    Selector   Space  Class     Delta

                reset_vec                      000000  000004  000004         0       0  CODE        2
                intentry                       000004  000805  000809         8       0  CODE        2
                cstackBANK0                    000020  00004B  00006B        20       1  BANK0       1
                cstackCOMMON                   000070  00000B  00007B        70       1  COMMON      1
                bssBANK1                       0000A0  000050  0000F0        A0       1  BANK1       1
                cstackBANK3                    000190  00000A  00019A       190       1  BANK3       1
                text18                         000809  000034  00083D      1012       0  CODE        2
                text55                         00083D  000067  0008A4      107A       0  CODE        2
                text19                         0008A4  000068  00090C      1148       0  CODE        2
                text32                         00090C  00007D  000989      1218       0  CODE        2
                text8                          000989  000087  000A10      1312       0  CODE        2
                text2                          000A10  000099  000AA9      1420       0  CODE        2
                text9                          000AA9  00009D  000B46      1552       0  CODE        2
                text1                          000B46  0000D6  000C1C      168C       0  CODE        2
                text43                         000C1C  0001EE  000E0A      1838       0  CODE        2
                text26                         000E0A  0001F6  001000      1C14       0  CODE        2
                stringtext                     001000  00017D  00117D        20       0  STRCODE     2
                idataBANK0                     00117D  000001  00117E      22FA       0  CODE        2
                text17                         00117E  00000D  00118B      22FC       0  CODE        2
                idataBANK1                     00118B  000019  0011A4      2316       0  CODE        2
                text45                         0011A4  00001E  0011C2      2348       0  CODE        2
                text53                         0011C2  000020  0011E2      2384       0  CODE        2
                text39                         0011E2  000021  001203      23C4       0  CODE        2
                text21                         001203  000022  001225      2406       0  CODE        2
                text15                         001225  000026  00124B      244A       0  CODE        2
                text27                         00124B  00002A  001275      2496       0  CODE        2
                text4                          001275  00002A  00129F      24EA       0  CODE        2
                text37                         00129F  00002B  0012CA      253E       0  CODE        2
                text30                         0012CA  00002B  0012F5      2594       0  CODE        2
                text13                         0012F5  00002F  001324      25EA       0  CODE        2
                text12                         001324  000030  001354      2648       0  CODE        2
                text16                         001354  000032  001386      26A8       0  CODE        2
                text3                          001386  000032  0013B8      270C       0  CODE        2
                text52                         0013B8  000033  0013EB      2770       0  CODE        2
                text42                         0013EB  000033  00141E      27D6       0  CODE        2
                text44                         00141E  00003E  00145C      283C       0  CODE        2
                text14                         00145C  000043  00149F      28B8       0  CODE        2
                text54                         00149F  000046  0014E5      293E       0  CODE        2
                text11                         0014E5  000047  00152C      29CA       0  CODE        2
                text36                         00152C  00004D  001579      2A58       0  CODE        2
                text34                         001579  000057  0015D0      2AF2       0  CODE        2
                text24                         0015D0  000057  001627      2BA0       0  CODE        2
                text40                         001627  00005B  001682      2C4E       0  CODE        2
                text10                         001682  00005B  0016DD      2D04       0  CODE        2
                text29                         0016DD  00005D  00173A      2DBA       0  CODE        2
                text35                         00173A  000062  00179C      2E74       0  CODE        2
                text28                         00179C  000064  001800      2F38       0  CODE        2
                strings                        001800  000012  001812      3000       0  STRING      2
                text22                         001F41  000006  001F47      3E82       0  CODE        2
                text25                         001F47  000007  001F4E      3E8E       0  CODE        2
                clrtext                        001F4E  000008  001F56      3E9C       0  CODE        2
                text48                         001F56  000009  001F5F      3EAC       0  CODE        2
                text46                         001F5F  00000B  001F6A      3EBE       0  CODE        2
                text38                         001F6A  00000B  001F75      3ED4       0  CODE        2
                text33                         001F75  00000B  001F80      3EEA       0  CODE        2
                text49                         001F80  00000D  001F8D      3F00       0  CODE        2
                text50                         001F8D  000011  001F9E      3F1A       0  CODE        2
                text5                          001F9E  000012  001FB0      3F3C       0  CODE        2
                text51                         001FB0  000013  001FC3      3F60       0  CODE        2
                inittext                       001FC3  000013  001FD6      3F86       0  CODE        2
                text31                         001FD6  000015  001FEB      3FAC       0  CODE        2
                text20                         001FEB  000015  002000      3FD6       0  CODE        2


UNUSED ADDRESS RANGES

        Name                Unused          Largest block    Delta
        BANK0            006B-006F              5           1
        BANK2            0110-016F             60           1
        BANK3            019A-01EF             56           1
        CODE             1812-1F40            72F           2
        COMMON           007B-007D              3           1
        CONST            1812-1F40            100           2
        EEDATA           2100-21FF            100           2
        ENTRY            1812-1F40            100           2
        IDLOC            2000-2003              4           2
        RAM              006B-006F              5           1
                         0110-016F             60
                         019A-01EF             56
        SFR0             0000-001F             20           1
        SFR1             0080-009F             20           1
        SFR2             0100-010F             10           1
        SFR3             0180-018F             10           1
        STRCODE          1812-1F40            72F           2
        STRING           1812-1F40            100           2

                                  Symbol Table

?___aldiv                            cstackBANK0  0028
?___almod                            cstackBANK0  0020
?___awdiv                            cstackCOMMON 0073
?___awmod                            cstackCOMMON 0073
?___lldiv                            cstackBANK0  0020
?___lwdiv                            cstackBANK0  0020
?_read_adc                           cstackCOMMON 0073
?_strcmp                             cstackCOMMON 0073
?_strncmp                            cstackCOMMON 0073
_ACKDT                               (abs)        048D
_ACKEN                               (abs)        048C
_ACKSTAT                             (abs)        048E
_ADFM                                (abs)        04FF
_ADON                                (abs)        00F8
_ADRESH                              (abs)        001E
_ADRESL                              (abs)        009E
_CREN                                (abs)        00C4
_GIE                                 (abs)        005F
_GO                                  (abs)        00FA
_PEIE                                (abs)        005E
_PEN                                 (abs)        048A
_PORTB                               (abs)        0006
_PORTD                               (abs)        0008
_PR2                                 (abs)        0092
_PSA                                 (abs)        040B
_RCEN                                (abs)        048B
_RCIF                                (abs)        0065
_RCREG                               (abs)        001A
_RE1                                 (abs)        0049
_RE2                                 (abs)        004A
_R_nW                                (abs)        04A2
_SEN                                 (abs)        0488
_SPBRG                               (abs)        0099
_SPEN                                (abs)        00C7
_SSPADD                              (abs)        0093
_SSPBUF                              (abs)        0013
_SSPCON2                             (abs)        0091
_SSPEN                               (abs)        00A5
_SSPM3                               (abs)        00A3
_T0CS                                (abs)        040D
_T2CKPS0                             (abs)        0090
_T2CKPS1                             (abs)        0091
_TMR0                                (abs)        0001
_TMR0IE                              (abs)        005D
_TMR2IE                              (abs)        0461
_TMR2IF                              (abs)        0061
_TMR2ON                              (abs)        0092
_TRISB                               (abs)        0086
_TRISD                               (abs)        0088
_TRISE1                              (abs)        0449
_TRISE2                              (abs)        044A
_TXIF                                (abs)        0064
_TXREG                               (abs)        0019
__Habs1                              abs1         0000
__Hbank0                             bank0        0000
__Hbank1                             bank1        0000
__Hbank2                             bank2        0000
__Hbank3                             bank3        0000
__HbssBANK0                          bssBANK0     0000
__HbssBANK1                          bssBANK1     0000
__HbssCOMMON                         bssCOMMON    0000
__Hcinit                             cinit        0040
__Hclrtext                           clrtext      0000
__Hcode                              code         0000
__Hcommon                            common       0000
__Hconfig                            config       2008
__HcstackBANK0                       cstackBANK0  0000
__HcstackBANK3                       cstackBANK3  0000
__HcstackCOMMON                      cstackCOMMON 0000
__HdataBANK0                         dataBANK0    0000
__HdataBANK1                         dataBANK1    0000
__HdataCOMMON                        dataCOMMON   0000
__Heeprom_data                       eeprom_data  0000
__Hend_init                          end_init     0011
__Hfunctab                           functab      0000
__HidataBANK0                        idataBANK0   0000
__HidataBANK1                        idataBANK1   0000
__HidataCOMMON                       idataCOMMON  0000
__Hinit                              init         000E
__Hinittext                          inittext     0000
__Hintentry                          intentry     000E
__Hmaintext                          maintext     0000
__Hpowerup                           powerup      0000
__Hram                               ram          0000
__Hreset_vec                         reset_vec    0003
__Hsfr0                              sfr0         0000
__Hsfr1                              sfr1         0000
__Hsfr2                              sfr2         0000
__Hsfr3                              sfr3         0000
__Hspace_0                           (abs)        2000
__Hspace_1                           (abs)        019A
__Hspace_2                           (abs)        0000
__Hspace_3                           (abs)        0000
__Hspace_4                           (abs)        400F
__Hstack                             stack        0000
__Hstrings                           strings      0000
__Hstringtext                        stringtext   0000
__Htext                              text         0000
__Labs1                              abs1         0000
__Lbank0                             bank0        0000
__Lbank1                             bank1        0000
__Lbank2                             bank2        0000
__Lbank3                             bank3        0000
__LbssBANK0                          bssBANK0     0000
__LbssBANK1                          bssBANK1     0000
__LbssCOMMON                         bssCOMMON    0000
__Lcinit                             cinit        0011
__Lclrtext                           clrtext      0000
__Lcode                              code         0000
__Lcommon                            common       0000
__Lconfig                            config       0000
__LcstackBANK0                       cstackBANK0  0000
__LcstackBANK3                       cstackBANK3  0000
__LcstackCOMMON                      cstackCOMMON 0000
__LdataBANK0                         dataBANK0    0000
__LdataBANK1                         dataBANK1    0000
__LdataCOMMON                        dataCOMMON   0000
__Leeprom_data                       eeprom_data  0000
__Lend_init                          end_init     000E
__Lfunctab                           functab      0000
__LidataBANK0                        idataBANK0   0000
__LidataBANK1                        idataBANK1   0000
__LidataCOMMON                       idataCOMMON  0000
__Linit                              init         000E
__Linittext                          inittext     0000
__Lintentry                          intentry     0004
__Lmaintext                          maintext     0000
__Lpowerup                           powerup      0000
__Lram                               ram          0000
__Lreset_vec                         reset_vec    0000
__Lsfr0                              sfr0         0000
__Lsfr1                              sfr1         0000
__Lsfr2                              sfr2         0000
__Lsfr3                              sfr3         0000
__Lspace_0                           (abs)        0000
__Lspace_1                           (abs)        0000
__Lspace_2                           (abs)        0000
__Lspace_3                           (abs)        0000
__Lspace_4                           (abs)        0000
__Lstack                             stack        0000
__Lstrings                           strings      0000
__Lstringtext                        stringtext   0000
__Ltext                              text         0000
__S0                                 (abs)        2000
__S1                                 (abs)        019A
__S3                                 (abs)        0000
___aldiv                             text9        0AA9
___aldiv@counter                     cstackBANK0  0030
___aldiv@dividend                    cstackBANK0  002C
___aldiv@divisor                     cstackBANK0  0028
___aldiv@quotient                    cstackBANK0  0032
___aldiv@sign                        cstackBANK0  0031
___almod                             text8        0989
___almod@counter                     cstackCOMMON 0074
___almod@dividend                    cstackBANK0  0024
___almod@divisor                     cstackBANK0  0020
___almod@sign                        cstackCOMMON 0075
___awdiv                             text41       078C
___awdiv@counter                     cstackBANK0  0020
___awdiv@dividend                    cstackCOMMON 0075
___awdiv@divisor                     cstackCOMMON 0073
___awdiv@quotient                    cstackBANK0  0022
___awdiv@sign                        cstackBANK0  0021
___awmod                             text40       1627
___awmod@counter                     cstackBANK0  0020
___awmod@dividend                    cstackCOMMON 0075
___awmod@divisor                     cstackCOMMON 0073
___awmod@sign                        cstackBANK0  0021
___bmul                              text31       1FD6
___bmul@multiplicand                 cstackCOMMON 0073
___bmul@multiplier                   cstackCOMMON 0076
___bmul@product                      cstackCOMMON 0075
___int_sp                            stack        0000
___latbits                           (abs)        0002
___lldiv                             text19       08A4
___lldiv@counter                     cstackCOMMON 0078
___lldiv@dividend                    cstackBANK0  0024
___lldiv@divisor                     cstackBANK0  0020
___lldiv@quotient                    cstackCOMMON 0074
___lwdiv                             text54       149F
___lwdiv@counter                     cstackBANK0  0024
___lwdiv@dividend                    cstackBANK0  0022
___lwdiv@divisor                     cstackBANK0  0020
___lwdiv@quotient                    cstackBANK0  0025
___sp                                stack        0000
___stackhi                           (abs)        0000
___stacklo                           (abs)        0000
__end_of___aldiv                     text9        0B46
__end_of___almod                     text8        0A10
__end_of___awdiv                     text41       07F5
__end_of___awmod                     text40       1682
__end_of___bmul                      text31       1FEB
__end_of___lldiv                     text19       090C
__end_of___lwdiv                     text54       14E5
__end_of__initialization             cinit        003C
__end_of__stringtab                  strings      1812
__end_of_change_password             text43       0E0A
__end_of_clcd_print                  text52       13EB
__end_of_clcd_putch                  text51       1FC3
__end_of_clcd_write                  text53       11E2
__end_of_clear_log                   text42       141E
__end_of_clear_screen                text50       1F9E
__end_of_display_default_screen      text34       15D0
__end_of_display_log_in_uart         text32       0989
__end_of_display_time                text35       179C
__end_of_download_log                text28       1800
__end_of_edit_time                   text26       1000
__end_of_ext_eeprom_24C02_byte_write text45       11C2
__end_of_ext_eeprom_24C02_read       text30       12F5
__end_of_ext_eeprom_24C02_str_write  text13       1324
__end_of_get_saved_log               text29       173A
__end_of_get_time                    text36       1579
__end_of_i2c_read                    text39       1203
__end_of_i2c_rep_start               text38       1F75
__end_of_i2c_start                   text48       1F5F
__end_of_i2c_stop                    text47       0809
__end_of_i2c_wait_for_idle           text49       1F8D
__end_of_i2c_write                   text46       1F6A
__end_of_init_adc                    text25       1F4E
__end_of_init_clcd                   text23       0800
__end_of_init_config                 text14       149F
__end_of_init_digital_keypad         text22       1F47
__end_of_init_display_controller     text24       1627
__end_of_init_ds1307                 text20       2000
__end_of_init_i2c                    text18       083D
__end_of_init_timer2                 text17       118B
__end_of_init_uart                   text16       1386
__end_of_isr                         text55       08A4
__end_of_log_car_event               text10       16DD
__end_of_log_event                   text12       1354
__end_of_login                       text7        06B3
__end_of_login_menu                  text6        078C
__end_of_main                        maintext     04AE
__end_of_print_log                   text2        0AA9
__end_of_putchar                     text33       1F80
__end_of_puts                        text15       124B
__end_of_read_adc                    text5        1FB0
__end_of_read_digital_keypad         text4        129F
__end_of_read_ds1307                 text37       12CA
__end_of_strcmp                      text3        13B8
__end_of_strcpy                      text27       1275
__end_of_strncmp                     text44       145C
__end_of_strncpy                     text11       152C
__end_of_view_log                    text1        0C1C
__end_of_write_ds1307                text21       1225
__initialization                     cinit        0011
__pbssBANK0                          bssBANK0     004D
__pbssBANK1                          bssBANK1     00A0
__pbssCOMMON                         bssCOMMON    0079
__pcstackBANK0                       cstackBANK0  0020
__pcstackBANK3                       cstackBANK3  0190
__pcstackCOMMON                      cstackCOMMON 0070
__pdataBANK0                         dataBANK0    006A
__pdataBANK1                         dataBANK1    00D7
__pdataCOMMON                        dataCOMMON   007A
__pidataBANK0                        idataBANK0   117D
__pidataBANK1                        idataBANK1   118B
__pidataCOMMON                       idataCOMMON  0003
__pintentry                          intentry     0004
__pmaintext                          maintext     0040
__pstrings                           strings      1800
__pstringtext                        stringtext   1000
__ptext1                             text1        0B46
__ptext10                            text10       1682
__ptext11                            text11       14E5
__ptext12                            text12       1324
__ptext13                            text13       12F5
__ptext14                            text14       145C
__ptext15                            text15       1225
__ptext16                            text16       1354
__ptext17                            text17       117E
__ptext18                            text18       0809
__ptext19                            text19       08A4
__ptext2                             text2        0A10
__ptext20                            text20       1FEB
__ptext21                            text21       1203
__ptext22                            text22       1F41
__ptext23                            text23       07F5
__ptext24                            text24       15D0
__ptext25                            text25       1F47
__ptext26                            text26       0E0A
__ptext27                            text27       124B
__ptext28                            text28       179C
__ptext29                            text29       16DD
__ptext3                             text3        1386
__ptext30                            text30       12CA
__ptext31                            text31       1FD6
__ptext32                            text32       090C
__ptext33                            text33       1F75
__ptext34                            text34       1579
__ptext35                            text35       173A
__ptext36                            text36       152C
__ptext37                            text37       129F
__ptext38                            text38       1F6A
__ptext39                            text39       11E2
__ptext4                             text4        1275
__ptext40                            text40       1627
__ptext41                            text41       078C
__ptext42                            text42       13EB
__ptext43                            text43       0C1C
__ptext44                            text44       141E
__ptext45                            text45       11A4
__ptext46                            text46       1F5F
__ptext47                            text47       0800
__ptext48                            text48       1F56
__ptext49                            text49       1F80
__ptext5                             text5        1F9E
__ptext50                            text50       1F8D
__ptext51                            text51       1FB0
__ptext52                            text52       13B8
__ptext53                            text53       11C2
__ptext54                            text54       149F
__ptext55                            text55       083D
__ptext6                             text6        06B3
__ptext7                             text7        04AE
__ptext8                             text8        0989
__ptext9                             text9        0AA9
__stringbase                         strings      1812
__stringtab                          strings      1800
_change_password                     text43       0C1C
_clcd_print                          text52       13B8
_clcd_putch                          text51       1FB0
_clcd_write                          text53       11C2
_clear_log                           text42       13EB
_clear_screen                        text50       1F8D
_clock_reg                           bssBANK1     00AD
_display_default_screen              text34       1579
_display_log_in_uart                 text32       090C
_display_time                        text35       173A
_download_log                        text28       179C
_edit_time                           text26       0E0A
_ext_eeprom_24C02_byte_write         text45       11A4
_ext_eeprom_24C02_read               text30       12CA
_ext_eeprom_24C02_str_write          text13       12F5
_gear                                dataBANK1    00D7
_get_saved_log                       text29       16DD
_get_time                            text36       152C
_i2c_read                            text39       11E2
_i2c_rep_start                       text38       1F6A
_i2c_start                           text48       1F56
_i2c_stop                            text47       0800
_i2c_wait_for_idle                   text49       1F80
_i2c_write                           text46       1F5F
_init_adc                            text25       1F47
_init_clcd                           text23       07F5
_init_config                         text14       145C
_init_digital_keypad                 text22       1F41
_init_display_controller             text24       15D0
_init_ds1307                         text20       1FEB
_init_i2c                            text18       0809
_init_timer2                         text17       117E
_init_uart                           text16       1354
_isr                                 text55       083D
_log                                 bssBANK1     00B2
_log_car_event                       text10       1682
_log_count                           bssCOMMON    0079
_log_event                           text12       1324
_login                               text7        04AE
_login$1140                          cstackBANK0  003F
_login_menu                          text6        06B3
_main                                maintext     0040
_menu                                dataBANK1    00E3
_nDONE                               (abs)        00FA
_new_hr                              bssBANK0     0065
_new_min                             bssBANK0     0066
_new_sec                             bssBANK0     0067
_pos                                 dataCOMMON   007A
_pre_control_flag                    bssBANK0     0068
_pre_key                             bssBANK0     0069
_press                               bssBANK0     005D
_print_log                           text2        0A10
_putchar                             text33       1F75
_puts                                text15       1225
_read_adc                            text5        1F9E
_read_digital_keypad                 text4        1275
_read_ds1307                         text37       129F
_return_time                         bssBANK0     005F
_saved_event                         bssBANK1     00A7
_saved_speed                         bssBANK1     00AA
_saved_time                          bssBANK1     00A0
_sec                                 bssBANK0     004D
_strcmp                              text3        1386
_strcpy                              text27       124B
_strncmp                             text44       141E
_strncpy                             text11       14E5
_time                                bssBANK1     00C4
_view_log                            text1        0B46
_write_ds1307                        text21       1203
btemp                                (abs)        007E
change_password@i                    bssBANK0     0053
change_password@i_442                cstackBANK0  003C
change_password@j                    bssBANK0     0051
change_password@key                  cstackBANK0  0037
change_password@new_passwd_1         bssBANK1     00CF
change_password@new_passwd_2         bssBANK1     00CB
change_password@reset_flag           cstackBANK0  003B
clcd_print@addr                      cstackBANK0  0022
clcd_print@str                       cstackBANK0  0020
clcd_putch@addr                      cstackBANK0  0036
clcd_putch@data                      cstackCOMMON 0078
clcd_write@byte                      cstackCOMMON 0076
clcd_write@mode                      cstackCOMMON 0073
clear_log@reset_flag                 cstackCOMMON 0077
clear_ram0                           clrtext      1F4E
display_default_screen@event         cstackBANK0  003A
display_default_screen@speed         cstackBANK0  0037
display_log_in_uart@log_pos          cstackCOMMON 0074
download_log@i                       cstackCOMMON 0078
edit_time@blink_delay                bssBANK0     0057
edit_time@blink_flag                 bssBANK0     0055
edit_time@i                          bssBANK0     005B
edit_time@j                          bssBANK0     0059
edit_time@key                        cstackBANK0  0037
edit_time@new_time                   bssBANK1     00BD
edit_time@reset_flag                 cstackBANK0  003A
end_of_initialization                cinit        003C
ext_eeprom_24C02_byte_write@addr     cstackCOMMON 0075
ext_eeprom_24C02_byte_write@data     cstackCOMMON 0074
ext_eeprom_24C02_read@addr           cstackCOMMON 0075
ext_eeprom_24C02_read@data           cstackCOMMON 0076
ext_eeprom_24C02_str_write@addr      cstackBANK0  0020
ext_eeprom_24C02_str_write@str       cstackCOMMON 0076
get_saved_log@addr                   cstackBANK0  0021
get_saved_log@i                      cstackBANK0  0022
get_saved_log@log_pos                cstackBANK0  0020
i2c_read@ack                         cstackCOMMON 0073
i2c_read@data                        cstackCOMMON 0074
i2c_write@data                       cstackCOMMON 0073
init_ds1307@dummy                    cstackBANK0  0025
init_fetch0                          inittext     1FC3
init_i2c@baud                        cstackBANK0  0028
init_ram0                            inittext     1FC7
init_uart@baud                       cstackBANK0  0028
interrupt_function                   intentry     0004
intlevel0                            functab      0000
intlevel1                            functab      0000
intlevel2                            functab      0000
intlevel3                            functab      0000
intlevel4                            functab      0000
intlevel5                            functab      0000
isr@count                            bssBANK1     00B0
log_car_event@event                  cstackBANK0  0027
log_car_event@speed                  cstackBANK0  0024
log_event@addr                       cstackBANK0  0022
login@attempt_rem                    bssBANK0     0063
login@i                              bssBANK0     0064
login@j                              cstackBANK0  0044
login@key                            cstackBANK0  0037
login@new_passwd                     bssBANK1     00D3
login@reset_flag                     cstackBANK0  0043
login@saved_passwd                   cstackBANK0  003B
login_menu@key                       cstackBANK0  0037
login_menu@menu_pos                  bssBANK0     0062
login_menu@reset_flag                cstackBANK0  003A
main@F1020                           dataBANK1    00ED
main@control_flag                    cstackBANK3  0199
main@event                           cstackBANK3  0192
main@gr                              cstackBANK3  0195
main@key                             cstackBANK3  0198
main@menu_pos                        cstackBANK3  0190
main@reset_flag                      cstackBANK3  0197
main@return_val                      cstackBANK3  0191
main@speed                           cstackBANK3  0196
print_log@log_pos                    cstackBANK0  0037
putchar@data                         cstackCOMMON 0073
puts@s                               cstackCOMMON 0074
read_adc@adc_reg_val                 cstackCOMMON 0075
read_digital_keypad@mode             cstackCOMMON 0074
read_digital_keypad@once             dataBANK0    006A
read_ds1307@addr                     cstackCOMMON 0075
read_ds1307@data                     cstackCOMMON 0076
reset_vec                            reset_vec    0000
saved_w                              (abs)        007E
start                                init         000E
start_initialization                 cinit        0011
strcmp@r                             cstackCOMMON 0077
strcmp@s1                            cstackCOMMON 0078
strcmp@s2                            cstackCOMMON 0073
strcpy@cp                            cstackBANK0  0020
strcpy@from                          cstackCOMMON 0075
strcpy@to                            cstackCOMMON 0073
strncmp@len                          cstackCOMMON 0074
strncmp@s1                           cstackCOMMON 0078
strncmp@s2                           cstackCOMMON 0073
strncpy@cp                           cstackCOMMON 0078
strncpy@from                         cstackCOMMON 0073
strncpy@size                         cstackCOMMON 0075
strncpy@to                           cstackCOMMON 0077
view_log@key                         cstackBANK0  0038
view_log@log_pos                     bssBANK0     0061
view_log@reset_flag                  cstackBANK0  003C
write_ds1307@addr                    cstackBANK0  0024
write_ds1307@data                    cstackCOMMON 0078
wtemp0                               (abs)        007E


MODULE INFORMATION

Module		Function		Class		Link	Load	Size
timers.c
		_init_timer2   		CODE           	117E	0000	13

timers.c estimated size: 13

C:\Program Files\Microchip\xc8\v2.40\pic\sources\c90\common\strcmp.c
		_strcmp        		CODE           	1386	0000	50

C:\Program Files\Microchip\xc8\v2.40\pic\sources\c90\common\strcmp.c estimated size: 50

C:\Program Files\Microchip\xc8\v2.40\pic\sources\c90\common\Umul8.c
		___bmul        		CODE           	1FD6	0000	21

C:\Program Files\Microchip\xc8\v2.40\pic\sources\c90\common\Umul8.c estimated size: 21

digital_keypad.c
		_init_digital_keypad		CODE           	1F41	0000	6
		_read_digital_keypad		CODE           	1275	0000	42

digital_keypad.c estimated size: 48

C:\Program Files\Microchip\xc8\v2.40\pic\sources\c90\common\strcpy.c
		_strcpy        		CODE           	124B	0000	42

C:\Program Files\Microchip\xc8\v2.40\pic\sources\c90\common\strcpy.c estimated size: 42

uart.c
		_init_uart     		CODE           	1354	0000	50
		_puts          		CODE           	1225	0000	38
		_putchar       		CODE           	1F75	0000	11

uart.c estimated size: 99

C:\Program Files\Microchip\xc8\v2.40\pic\sources\c90\common\awdiv.c
		___awdiv       		CODE           	078C	0000	105

C:\Program Files\Microchip\xc8\v2.40\pic\sources\c90\common\awdiv.c estimated size: 105

C:\Program Files\Microchip\xc8\v2.40\pic\sources\c90\common\aldiv.c
		___aldiv       		CODE           	0AA9	0000	157

C:\Program Files\Microchip\xc8\v2.40\pic\sources\c90\common\aldiv.c estimated size: 157

i2c.c
		_i2c_start     		CODE           	1F56	0000	9
		_i2c_rep_start 		CODE           	1F6A	0000	11
		_i2c_write     		CODE           	1F5F	0000	11
		_i2c_stop      		CODE           	0800	0000	9
		_i2c_read      		CODE           	11E2	0000	33
		_init_i2c      		CODE           	0809	0000	52
		_i2c_wait_for_idle		CODE           	1F80	0000	13

i2c.c estimated size: 138

C:\Program Files\Microchip\xc8\v2.40\pic\sources\c90\common\strncmp.c
		_strncmp       		CODE           	141E	0000	62

C:\Program Files\Microchip\xc8\v2.40\pic\sources\c90\common\strncmp.c estimated size: 62

C:\Program Files\Microchip\xc8\v2.40\pic\sources\c90\common\strncpy.c
		_strncpy       		CODE           	14E5	0000	71

C:\Program Files\Microchip\xc8\v2.40\pic\sources\c90\common\strncpy.c estimated size: 71

C:\Program Files\Microchip\xc8\v2.40\pic\sources\c90\common\__lldiv.c
		___lldiv       		CODE           	08A4	0000	104

C:\Program Files\Microchip\xc8\v2.40\pic\sources\c90\common\__lldiv.c estimated size: 104

ds1307.c
		_read_ds1307   		CODE           	129F	0000	43
		_write_ds1307  		CODE           	1203	0000	34
		_init_ds1307   		CODE           	1FEB	0000	21

ds1307.c estimated size: 98

adc.c
		_init_adc      		CODE           	1F47	0000	7
		_read_adc      		CODE           	1F9E	0000	18

adc.c estimated size: 25

isr.c
		_isr           		CODE           	083D	0000	103

isr.c estimated size: 103

shared
		__stringtab    		STRING         	1800	0000	18
		__initialization		CODE           	0011	0000	43

shared estimated size: 61

clcd.c
		_clcd_write    		CODE           	11C2	0000	32
		_clcd_print    		CODE           	13B8	0000	51
		_clcd_putch    		CODE           	1FB0	0000	19
		_init_display_controller		CODE           	15D0	0000	87
		_init_clcd     		CODE           	07F5	0000	11

clcd.c estimated size: 200

car_black_box_def.c
		_view_log      		CODE           	0B46	0000	214
		_log_car_event 		CODE           	1682	0000	91
		_display_time  		CODE           	173A	0000	98
		_edit_time     		CODE           	0E0A	0000	502
		_change_password		CODE           	0C1C	0000	494
		_display_default_screen		CODE           	1579	0000	87
		_get_time      		CODE           	152C	0000	77
		_clear_screen  		CODE           	1F8D	0000	17
		_print_log     		CODE           	0A10	0000	153
		_download_log  		CODE           	179C	0000	100
		_log_event     		CODE           	1324	0000	48
		_login_menu    		CODE           	06B3	0000	217
		_clear_log     		CODE           	13EB	0000	51
		_display_log_in_uart		CODE           	090C	0000	125
		_get_saved_log 		CODE           	16DD	0000	93
		_login         		CODE           	04AE	0000	517

car_black_box_def.c estimated size: 2884

C:\Program Files\Microchip\xc8\v2.40\pic\sources\c90\common\awmod.c
		___awmod       		CODE           	1627	0000	91

C:\Program Files\Microchip\xc8\v2.40\pic\sources\c90\common\awmod.c estimated size: 91

main.c
		_main          		CODE           	0040	0000	1134
		_init_config   		CODE           	145C	0000	67

main.c estimated size: 1201

EEprom.c
		_ext_eeprom_24C02_str_write		CODE           	12F5	0000	47
		_ext_eeprom_24C02_byte_write		CODE           	11A4	0000	30
		_ext_eeprom_24C02_read		CODE           	12CA	0000	43

EEprom.c estimated size: 120

C:\Program Files\Microchip\xc8\v2.40\pic\sources\c90\common\almod.c
		___almod       		CODE           	0989	0000	135

C:\Program Files\Microchip\xc8\v2.40\pic\sources\c90\common\almod.c estimated size: 135

C:\Program Files\Microchip\xc8\v2.40\pic\sources\c90\common\lwdiv.c
		___lwdiv       		CODE           	149F	0000	70

C:\Program Files\Microchip\xc8\v2.40\pic\sources\c90\common\lwdiv.c estimated size: 70

